Archive member included to satisfy reference by file (symbol)

c:/st/stm32cubeide_1.5.1/stm32cubeide/plugins/com.st.stm32cube.ide.mcu.externaltools.gnu-tools-for-stm32.7-2018-q2-update.win32_1.5.0.202011040924/tools/bin/../lib/gcc/arm-none-eabi/7.3.1/../../../../arm-none-eabi/lib/thumb/v7-m\libc_nano.a(lib_a-errno.o)
                              Core/Src/syscalls.o (__errno)
c:/st/stm32cubeide_1.5.1/stm32cubeide/plugins/com.st.stm32cube.ide.mcu.externaltools.gnu-tools-for-stm32.7-2018-q2-update.win32_1.5.0.202011040924/tools/bin/../lib/gcc/arm-none-eabi/7.3.1/../../../../arm-none-eabi/lib/thumb/v7-m\libc_nano.a(lib_a-exit.o)
                              c:/st/stm32cubeide_1.5.1/stm32cubeide/plugins/com.st.stm32cube.ide.mcu.externaltools.gnu-tools-for-stm32.7-2018-q2-update.win32_1.5.0.202011040924/tools/bin/../lib/gcc/arm-none-eabi/7.3.1/../../../../arm-none-eabi/lib/thumb/v7-m/crt0.o (exit)
c:/st/stm32cubeide_1.5.1/stm32cubeide/plugins/com.st.stm32cube.ide.mcu.externaltools.gnu-tools-for-stm32.7-2018-q2-update.win32_1.5.0.202011040924/tools/bin/../lib/gcc/arm-none-eabi/7.3.1/../../../../arm-none-eabi/lib/thumb/v7-m\libc_nano.a(lib_a-impure.o)
                              c:/st/stm32cubeide_1.5.1/stm32cubeide/plugins/com.st.stm32cube.ide.mcu.externaltools.gnu-tools-for-stm32.7-2018-q2-update.win32_1.5.0.202011040924/tools/bin/../lib/gcc/arm-none-eabi/7.3.1/../../../../arm-none-eabi/lib/thumb/v7-m\libc_nano.a(lib_a-exit.o) (_global_impure_ptr)
c:/st/stm32cubeide_1.5.1/stm32cubeide/plugins/com.st.stm32cube.ide.mcu.externaltools.gnu-tools-for-stm32.7-2018-q2-update.win32_1.5.0.202011040924/tools/bin/../lib/gcc/arm-none-eabi/7.3.1/../../../../arm-none-eabi/lib/thumb/v7-m\libc_nano.a(lib_a-init.o)
                              c:/st/stm32cubeide_1.5.1/stm32cubeide/plugins/com.st.stm32cube.ide.mcu.externaltools.gnu-tools-for-stm32.7-2018-q2-update.win32_1.5.0.202011040924/tools/bin/../lib/gcc/arm-none-eabi/7.3.1/../../../../arm-none-eabi/lib/thumb/v7-m/crt0.o (__libc_init_array)
c:/st/stm32cubeide_1.5.1/stm32cubeide/plugins/com.st.stm32cube.ide.mcu.externaltools.gnu-tools-for-stm32.7-2018-q2-update.win32_1.5.0.202011040924/tools/bin/../lib/gcc/arm-none-eabi/7.3.1/../../../../arm-none-eabi/lib/thumb/v7-m\libc_nano.a(lib_a-memset.o)
                              c:/st/stm32cubeide_1.5.1/stm32cubeide/plugins/com.st.stm32cube.ide.mcu.externaltools.gnu-tools-for-stm32.7-2018-q2-update.win32_1.5.0.202011040924/tools/bin/../lib/gcc/arm-none-eabi/7.3.1/../../../../arm-none-eabi/lib/thumb/v7-m/crt0.o (memset)
c:/st/stm32cubeide_1.5.1/stm32cubeide/plugins/com.st.stm32cube.ide.mcu.externaltools.gnu-tools-for-stm32.7-2018-q2-update.win32_1.5.0.202011040924/tools/bin/../lib/gcc/arm-none-eabi/7.3.1/../../../../arm-none-eabi/lib/thumb/v7-m\libc_nano.a(lib_a-rand.o)
                              Core/Src/main.o (rand)
c:/st/stm32cubeide_1.5.1/stm32cubeide/plugins/com.st.stm32cube.ide.mcu.externaltools.gnu-tools-for-stm32.7-2018-q2-update.win32_1.5.0.202011040924/tools/bin/../lib/gcc/arm-none-eabi/7.3.1/../../../../arm-none-eabi/lib/thumb/v7-m\libc_nano.a(lib_a-malloc.o)
                              c:/st/stm32cubeide_1.5.1/stm32cubeide/plugins/com.st.stm32cube.ide.mcu.externaltools.gnu-tools-for-stm32.7-2018-q2-update.win32_1.5.0.202011040924/tools/bin/../lib/gcc/arm-none-eabi/7.3.1/../../../../arm-none-eabi/lib/thumb/v7-m\libc_nano.a(lib_a-rand.o) (malloc)
c:/st/stm32cubeide_1.5.1/stm32cubeide/plugins/com.st.stm32cube.ide.mcu.externaltools.gnu-tools-for-stm32.7-2018-q2-update.win32_1.5.0.202011040924/tools/bin/../lib/gcc/arm-none-eabi/7.3.1/../../../../arm-none-eabi/lib/thumb/v7-m\libc_nano.a(lib_a-nano-freer.o)
                              c:/st/stm32cubeide_1.5.1/stm32cubeide/plugins/com.st.stm32cube.ide.mcu.externaltools.gnu-tools-for-stm32.7-2018-q2-update.win32_1.5.0.202011040924/tools/bin/../lib/gcc/arm-none-eabi/7.3.1/../../../../arm-none-eabi/lib/thumb/v7-m\libc_nano.a(lib_a-malloc.o) (_free_r)
c:/st/stm32cubeide_1.5.1/stm32cubeide/plugins/com.st.stm32cube.ide.mcu.externaltools.gnu-tools-for-stm32.7-2018-q2-update.win32_1.5.0.202011040924/tools/bin/../lib/gcc/arm-none-eabi/7.3.1/../../../../arm-none-eabi/lib/thumb/v7-m\libc_nano.a(lib_a-nano-mallocr.o)
                              c:/st/stm32cubeide_1.5.1/stm32cubeide/plugins/com.st.stm32cube.ide.mcu.externaltools.gnu-tools-for-stm32.7-2018-q2-update.win32_1.5.0.202011040924/tools/bin/../lib/gcc/arm-none-eabi/7.3.1/../../../../arm-none-eabi/lib/thumb/v7-m\libc_nano.a(lib_a-malloc.o) (_malloc_r)
c:/st/stm32cubeide_1.5.1/stm32cubeide/plugins/com.st.stm32cube.ide.mcu.externaltools.gnu-tools-for-stm32.7-2018-q2-update.win32_1.5.0.202011040924/tools/bin/../lib/gcc/arm-none-eabi/7.3.1/../../../../arm-none-eabi/lib/thumb/v7-m\libc_nano.a(lib_a-sbrkr.o)
[...]
Memory Configuration

Name             Origin             Length             Attributes
RAM              0x0000000020000000 0x0000000000005000 xrw
FLASH            0x0000000008000000 0x0000000000010000 xr
*default*        0x0000000000000000 0xffffffffffffffff

Linker script and memory map

LOAD c:/st/stm32cubeide_1.5.1/stm32cubeide/plugins/com.st.stm32cube.ide.mcu.externaltools.gnu-tools-for-stm32.7-2018-q2-update.win32_1.5.0.202011040924/tools/bin/../lib/gcc/arm-none-eabi/7.3.1/thumb/v7-m/crti.o
LOAD c:/st/stm32cubeide_1.5.1/stm32cubeide/plugins/com.st.stm32cube.ide.mcu.externaltools.gnu-tools-for-stm32.7-2018-q2-update.win32_1.5.0.202011040924/tools/bin/../lib/gcc/arm-none-eabi/7.3.1/thumb/v7-m/crtbegin.o
LOAD c:/st/stm32cubeide_1.5.1/stm32cubeide/plugins/com.st.stm32cube.ide.mcu.externaltools.gnu-tools-for-stm32.7-2018-q2-update.win32_1.5.0.202011040924/tools/bin/../lib/gcc/arm-none-eabi/7.3.1/../../../../arm-none-eabi/lib/thumb/v7-m/crt0.o
LOAD Core/Src/ST7789/fonts.o
LOAD Core/Src/ST7789/images.o
LOAD Core/Src/ST7789/st7789.o
LOAD Core/Src/main.o
LOAD Core/Src/stm32f1xx_hal_msp.o
LOAD Core/Src/stm32f1xx_it.o
LOAD Core/Src/syscalls.o
LOAD Core/Src/sysmem.o
LOAD Core/Src/system_stm32f1xx.o
LOAD Core/Startup/startup_stm32f103c8tx.o
LOAD Drivers/STM32F1xx_HAL_Driver/Src/stm32f1xx_hal.o
LOAD Drivers/STM32F1xx_HAL_Driver/Src/stm32f1xx_hal_cortex.o
LOAD Drivers/STM32F1xx_HAL_Driver/Src/stm32f1xx_hal_dma.o
LOAD Drivers/STM32F1xx_HAL_Driver/Src/stm32f1xx_hal_exti.o
LOAD Drivers/STM32F1xx_HAL_Driver/Src/stm32f1xx_hal_flash.o
LOAD Drivers/STM32F1xx_HAL_Driver/Src/stm32f1xx_hal_flash_ex.o
LOAD Drivers/STM32F1xx_HAL_Driver/Src/stm32f1xx_hal_gpio.o
LOAD Drivers/STM32F1xx_HAL_Driver/Src/stm32f1xx_hal_gpio_ex.o
LOAD Drivers/STM32F1xx_HAL_Driver/Src/stm32f1xx_hal_pwr.o
LOAD Drivers/STM32F1xx_HAL_Driver/Src/stm32f1xx_hal_rcc.o
LOAD Drivers/STM32F1xx_HAL_Driver/Src/stm32f1xx_hal_rcc_ex.o
LOAD Drivers/STM32F1xx_HAL_Driver/Src/stm32f1xx_hal_spi.o
LOAD Drivers/STM32F1xx_HAL_Driver/Src/stm32f1xx_hal_tim.o
LOAD Drivers/STM32F1xx_HAL_Driver/Src/stm32f1xx_hal_tim_ex.o
START GROUP
LOAD c:/st/stm32cubeide_1.5.1/stm32cubeide/plugins/com.st.stm32cube.ide.mcu.externaltools.gnu-tools-for-stm32.7-2018-q2-update.win32_1.5.0.202011040924/tools/bin/../lib/gcc/arm-none-eabi/7.3.1/../../../../arm-none-eabi/lib/thumb/v7-m\libc_nano.a
LOAD c:/st/stm32cubeide_1.5.1/stm32cubeide/plugins/com.st.stm32cube.ide.mcu.externaltools.gnu-tools-for-stm32.7-2018-q2-update.win32_1.5.0.202011040924/tools/bin/../lib/gcc/arm-none-eabi/7.3.1/../../../../arm-none-eabi/lib/thumb/v7-m\libm.a
END GROUP
START GROUP
LOAD c:/st/stm32cubeide_1.5.1/stm32cubeide/plugins/com.st.stm32cube.ide.mcu.externaltools.gnu-tools-for-stm32.7-2018-q2-update.win32_1.5.0.202011040924/tools/bin/../lib/gcc/arm-none-eabi/7.3.1/thumb/v7-m\libgcc.a
LOAD c:/st/stm32cubeide_1.5.1/stm32cubeide/plugins/com.st.stm32cube.ide.mcu.externaltools.gnu-tools-for-stm32.7-2018-q2-update.win32_1.5.0.202011040924/tools/bin/../lib/gcc/arm-none-eabi/7.3.1/../../../../arm-none-eabi/lib/thumb/v7-m\libc_nano.a
END GROUP
START GROUP
LOAD c:/st/stm32cubeide_1.5.1/stm32cubeide/plugins/com.st.stm32cube.ide.mcu.externaltools.gnu-tools-for-stm32.7-2018-q2-update.win32_1.5.0.202011040924/tools/bin/../lib/gcc/arm-none-eabi/7.3.1/thumb/v7-m\libgcc.a
LOAD c:/st/stm32cubeide_1.5.1/stm32cubeide/plugins/com.st.stm32cube.ide.mcu.externaltools.gnu-tools-for-stm32.7-2018-q2-update.win32_1.5.0.202011040924/tools/bin/../lib/gcc/arm-none-eabi/7.3.1/../../../../arm-none-eabi/lib/thumb/v7-m\libc_nano.a
LOAD c:/st/stm32cubeide_1.5.1/stm32cubeide/plugins/com.st.stm32cube.ide.mcu.externaltools.gnu-tools-for-stm32.7-2018-q2-update.win32_1.5.0.202011040924/tools/bin/../lib/gcc/arm-none-eabi/7.3.1/../../../../arm-none-eabi/lib/thumb/v7-m\libnosys.a
END GROUP
START GROUP
LOAD c:/st/stm32cubeide_1.5.1/stm32cubeide/plugins/com.st.stm32cube.ide.mcu.externaltools.gnu-tools-for-stm32.7-2018-q2-update.win32_1.5.0.202011040924/tools/bin/../lib/gcc/arm-none-eabi/7.3.1/thumb/v7-m\libgcc.a
LOAD c:/st/stm32cubeide_1.5.1/stm32cubeide/plugins/com.st.stm32cube.ide.mcu.externaltools.gnu-tools-for-stm32.7-2018-q2-update.win32_1.5.0.202011040924/tools/bin/../lib/gcc/arm-none-eabi/7.3.1/../../../../arm-none-eabi/lib/thumb/v7-m\libc_nano.a
LOAD c:/st/stm32cubeide_1.5.1/stm32cubeide/plugins/com.st.stm32cube.ide.mcu.externaltools.gnu-tools-for-stm32.7-2018-q2-update.win32_1.5.0.202011040924/tools/bin/../lib/gcc/arm-none-eabi/7.3.1/../../../../arm-none-eabi/lib/thumb/v7-m\libnosys.a
END GROUP
LOAD c:/st/stm32cubeide_1.5.1/stm32cubeide/plugins/com.st.stm32cube.ide.mcu.externaltools.gnu-tools-for-stm32.7-2018-q2-update.win32_1.5.0.202011040924/tools/bin/../lib/gcc/arm-none-eabi/7.3.1/thumb/v7-m/crtend.o
LOAD c:/st/stm32cubeide_1.5.1/stm32cubeide/plugins/com.st.stm32cube.ide.mcu.externaltools.gnu-tools-for-stm32.7-2018-q2-update.win32_1.5.0.202011040924/tools/bin/../lib/gcc/arm-none-eabi/7.3.1/thumb/v7-m/crtn.o
                0x0000000020005000                _estack = (ORIGIN (RAM) + LENGTH (RAM))
                0x0000000000000200                _Min_Heap_Size = 0x200
                0x0000000000000400                _Min_Stack_Size = 0x400

.isr_vector     0x0000000008000000      0x10c
                0x0000000008000000                . = ALIGN (0x4)
 *(.isr_vector)
 .isr_vector    0x0000000008000000      0x10c Core/Startup/startup_stm32f103c8tx.o
                0x0000000008000000                g_pfnVectors
                0x000000000800010c                . = ALIGN (0x4)

.text           0x000000000800010c     0x2d7c
                0x000000000800010c                . = ALIGN (0x4)
 *(.text)
 .text          0x000000000800010c       0x40 c:/st/stm32cubeide_1.5.1/stm32cubeide/plugins/com.st.stm32cube.ide.mcu.externaltools.gnu-tools-for-stm32.7-2018-q2-update.win32_1.5.0.202011040924/tools/bin/../lib/gcc/arm-none-eabi/7.3.1/thumb/v7-m/crtbegin.o
 *(.text*)
 .text.ST7789_WriteCommand
                0x000000000800014c       0x4c Core/Src/ST7789/st7789.o
 .text.ST7789_WriteData
                0x0000000008000198       0x70 Core/Src/ST7789/st7789.o
 .text.ST7789_WriteSmallData
                0x0000000008000208       0x4c Core/Src/ST7789/st7789.o
 .text.ST7789_SetRotation
                0x0000000008000254       0x58 Core/Src/ST7789/st7789.o
                0x0000000008000254                ST7789_SetRotation
 .text.ST7789_SetAddressWindow
                0x00000000080002ac       0xb8 Core/Src/ST7789/st7789.o
 .text.ST7789_Init
                0x0000000008000364      0x13c Core/Src/ST7789/st7789.o
                0x0000000008000364                ST7789_Init
 .text.ST7789_Fill_Color
                0x00000000080004a0       0x5e Core/Src/ST7789/st7789.o
                0x00000000080004a0                ST7789_Fill_Color
 *fill*         0x00000000080004fe        0x2 
 .text.ST7789_DrawPixel
                0x0000000008000500       0x68 Core/Src/ST7789/st7789.o
                0x0000000008000500                ST7789_DrawPixel
 .text.ST7789_DrawLine
                0x0000000008000568      0x116 Core/Src/ST7789/st7789.o
                0x0000000008000568                ST7789_DrawLine
 *fill*         0x000000000800067e        0x2 
 .text.ST7789_WriteChar
                0x0000000008000680      0x100 Core/Src/ST7789/st7789.o
                0x0000000008000680                ST7789_WriteChar
 .text.ST7789_WriteString
                0x0000000008000780       0xa4 Core/Src/ST7789/st7789.o
                0x0000000008000780                ST7789_WriteString
 .text.ST7789_DrawFilledCircle
                0x0000000008000824      0x1cc Core/Src/ST7789/st7789.o
                0x0000000008000824                ST7789_DrawFilledCircle
 .text.main     0x00000000080009f0       0x1e Core/Src/main.o
                0x00000000080009f0                main
 .text.SystemClock_Config
                0x0000000008000a0e       0x76 Core/Src/main.o
                0x0000000008000a0e                SystemClock_Config
 .text.MX_SPI1_Init
                0x0000000008000a84       0x6c Core/Src/main.o
 .text.MX_GPIO_Init
                0x0000000008000af0       0xc0 Core/Src/main.o
 .text.Menu     0x0000000008000bb0      0x178 Core/Src/main.o
                0x0000000008000bb0                Menu
 .text.Play     0x0000000008000d28      0x140 Core/Src/main.o
                0x0000000008000d28                Play
 .text.Playning
                0x0000000008000e68      0x3d0 Core/Src/main.o
                0x0000000008000e68                Playning
 .text.Velocidade
                0x0000000008001238      0x224 Core/Src/main.o
                0x0000000008001238                Velocidade
 .text.Apagar   0x000000000800145c       0x24 Core/Src/main.o
                0x000000000800145c                Apagar
 .text.Parte1   0x0000000008001480       0x34 Core/Src/main.o
                0x0000000008001480                Parte1
 .text.Parte2   0x00000000080014b4       0x34 Core/Src/main.o
                0x00000000080014b4                Parte2
 .text.Parte3   0x00000000080014e8       0x34 Core/Src/main.o
                0x00000000080014e8                Parte3
 .text.Parte4   0x000000000800151c       0x34 Core/Src/main.o
                0x000000000800151c                Parte4
 .text.Parte5   0x0000000008001550       0x34 Core/Src/main.o
                0x0000000008001550                Parte5
 .text.GerarNovoColetavel
                0x0000000008001584       0xb8 Core/Src/main.o
                0x0000000008001584                GerarNovoColetavel
 .text.VerificarColeta
                0x000000000800163c       0x58 Core/Src/main.o
                0x000000000800163c                VerificarColeta
 .text.VerificarColisao
                0x0000000008001694      0x124 Core/Src/main.o
                0x0000000008001694                VerificarColisao
 .text.AtualizarPlacar
                0x00000000080017b8       0x44 Core/Src/main.o
                0x00000000080017b8                AtualizarPlacar
 .text.AtualizarRecorde
                0x00000000080017fc       0x28 Core/Src/main.o
                0x00000000080017fc                AtualizarRecorde
 .text.Error_Handler
                0x0000000008001824        0x8 Core/Src/main.o
                0x0000000008001824                Error_Handler
 .text.HAL_MspInit
                0x000000000800182c       0x64 Core/Src/stm32f1xx_hal_msp.o
                0x000000000800182c                HAL_MspInit
 .text.HAL_SPI_MspInit
                0x0000000008001890       0x94 Core/Src/stm32f1xx_hal_msp.o
                0x0000000008001890                HAL_SPI_MspInit
 .text.NMI_Handler
                0x0000000008001924        0x6 Core/Src/stm32f1xx_it.o
                0x0000000008001924                NMI_Handler
 .text.HardFault_Handler
                0x000000000800192a        0x6 Core/Src/stm32f1xx_it.o
                0x000000000800192a                HardFault_Handler
 .text.MemManage_Handler
                0x0000000008001930        0x6 Core/Src/stm32f1xx_it.o
                0x0000000008001930                MemManage_Handler
 .text.BusFault_Handler
                0x0000000008001936        0x6 Core/Src/stm32f1xx_it.o
                0x0000000008001936                BusFault_Handler
 .text.UsageFault_Handler
                0x000000000800193c        0x6 Core/Src/stm32f1xx_it.o
                0x000000000800193c                UsageFault_Handler
 .text.SVC_Handler
                0x0000000008001942        0xc Core/Src/stm32f1xx_it.o
                0x0000000008001942                SVC_Handler
 .text.DebugMon_Handler
                0x000000000800194e        0xc Core/Src/stm32f1xx_it.o
                0x000000000800194e                DebugMon_Handler
 .text.PendSV_Handler
                0x000000000800195a        0xc Core/Src/stm32f1xx_it.o
                0x000000000800195a                PendSV_Handler
 .text.SysTick_Handler
                0x0000000008001966        0xc Core/Src/stm32f1xx_it.o
                0x0000000008001966                SysTick_Handler
 *fill*         0x0000000008001972        0x2 
 .text._sbrk    0x0000000008001974       0x6c Core/Src/sysmem.o
                0x0000000008001974                _sbrk
 .text.SystemInit
                0x00000000080019e0        0xc Core/Src/system_stm32f1xx.o
                0x00000000080019e0                SystemInit
 .text.Reset_Handler
                0x00000000080019ec       0x48 Core/Startup/startup_stm32f103c8tx.o
                0x00000000080019ec                Reset_Handler
 .text.Default_Handler
                0x0000000008001a34        0x2 Core/Startup/startup_stm32f103c8tx.o
                0x0000000008001a34                RTC_Alarm_IRQHandler
                0x0000000008001a34                EXTI2_IRQHandler
                0x0000000008001a34                TIM1_CC_IRQHandler
                0x0000000008001a34                PVD_IRQHandler
                0x0000000008001a34                EXTI3_IRQHandler
                0x0000000008001a34                EXTI0_IRQHandler
                0x0000000008001a34                I2C2_EV_IRQHandler
                0x0000000008001a34                ADC1_2_IRQHandler
                0x0000000008001a34                SPI1_IRQHandler
                0x0000000008001a34                TAMPER_IRQHandler
                0x0000000008001a34                DMA1_Channel4_IRQHandler
                0x0000000008001a34                USART3_IRQHandler
                0x0000000008001a34                RTC_IRQHandler
                0x0000000008001a34                DMA1_Channel7_IRQHandler
                0x0000000008001a34                CAN1_RX1_IRQHandler
                0x0000000008001a34                TIM4_IRQHandler
                0x0000000008001a34                I2C1_EV_IRQHandler
                0x0000000008001a34                DMA1_Channel6_IRQHandler
                0x0000000008001a34                TIM3_IRQHandler
                0x0000000008001a34                RCC_IRQHandler
                0x0000000008001a34                TIM1_TRG_COM_IRQHandler
                0x0000000008001a34                DMA1_Channel1_IRQHandler
                0x0000000008001a34                Default_Handler
                0x0000000008001a34                EXTI15_10_IRQHandler
                0x0000000008001a34                EXTI9_5_IRQHandler
                0x0000000008001a34                SPI2_IRQHandler
                0x0000000008001a34                DMA1_Channel5_IRQHandler
                0x0000000008001a34                EXTI4_IRQHandler
                0x0000000008001a34                USB_LP_CAN1_RX0_IRQHandler
                0x0000000008001a34                USB_HP_CAN1_TX_IRQHandler
                0x0000000008001a34                DMA1_Channel3_IRQHandler
                0x0000000008001a34                TIM1_UP_IRQHandler
                0x0000000008001a34                WWDG_IRQHandler
                0x0000000008001a34                TIM2_IRQHandler
                0x0000000008001a34                TIM1_BRK_IRQHandler
                0x0000000008001a34                EXTI1_IRQHandler
                0x0000000008001a34                USART2_IRQHandler
                0x0000000008001a34                I2C2_ER_IRQHandler
                0x0000000008001a34                DMA1_Channel2_IRQHandler
                0x0000000008001a34                CAN1_SCE_IRQHandler
                0x0000000008001a34                FLASH_IRQHandler
                0x0000000008001a34                USART1_IRQHandler
                0x0000000008001a34                I2C1_ER_IRQHandler
                0x0000000008001a34                USBWakeUp_IRQHandler
 *fill*         0x0000000008001a36        0x2 
 .text.HAL_Init
                0x0000000008001a38       0x2c Drivers/STM32F1xx_HAL_Driver/Src/stm32f1xx_hal.o
                0x0000000008001a38                HAL_Init
 .text.HAL_InitTick
                0x0000000008001a64       0x60 Drivers/STM32F1xx_HAL_Driver/Src/stm32f1xx_hal.o
                0x0000000008001a64                HAL_InitTick
 .text.HAL_IncTick
                0x0000000008001ac4       0x24 Drivers/STM32F1xx_HAL_Driver/Src/stm32f1xx_hal.o
                0x0000000008001ac4                HAL_IncTick
 .text.HAL_GetTick
                0x0000000008001ae8       0x14 Drivers/STM32F1xx_HAL_Driver/Src/stm32f1xx_hal.o
                0x0000000008001ae8                HAL_GetTick
 .text.HAL_Delay
                0x0000000008001afc       0x44 Drivers/STM32F1xx_HAL_Driver/Src/stm32f1xx_hal.o
                0x0000000008001afc                HAL_Delay
 .text.__NVIC_SetPriorityGrouping
                0x0000000008001b40       0x48 Drivers/STM32F1xx_HAL_Driver/Src/stm32f1xx_hal_cortex.o
 .text.__NVIC_GetPriorityGrouping
                0x0000000008001b88       0x1c Drivers/STM32F1xx_HAL_Driver/Src/stm32f1xx_hal_cortex.o
 .text.__NVIC_SetPriority
                0x0000000008001ba4       0x54 Drivers/STM32F1xx_HAL_Driver/Src/stm32f1xx_hal_cortex.o
 .text.NVIC_EncodePriority
                0x0000000008001bf8       0x64 Drivers/STM32F1xx_HAL_Driver/Src/stm32f1xx_hal_cortex.o
 .text.SysTick_Config
                0x0000000008001c5c       0x44 Drivers/STM32F1xx_HAL_Driver/Src/stm32f1xx_hal_cortex.o
 .text.HAL_NVIC_SetPriorityGrouping
                0x0000000008001ca0       0x16 Drivers/STM32F1xx_HAL_Driver/Src/stm32f1xx_hal_cortex.o
                0x0000000008001ca0                HAL_NVIC_SetPriorityGrouping
 .text.HAL_NVIC_SetPriority
                0x0000000008001cb6       0x38 Drivers/STM32F1xx_HAL_Driver/Src/stm32f1xx_hal_cortex.o
                0x0000000008001cb6                HAL_NVIC_SetPriority
 .text.HAL_SYSTICK_Config
                0x0000000008001cee       0x18 Drivers/STM32F1xx_HAL_Driver/Src/stm32f1xx_hal_cortex.o
                0x0000000008001cee                HAL_SYSTICK_Config
 *fill*         0x0000000008001d06        0x2 
 .text.HAL_GPIO_Init
                0x0000000008001d08      0x2b4 Drivers/STM32F1xx_HAL_Driver/Src/stm32f1xx_hal_gpio.o
                0x0000000008001d08                HAL_GPIO_Init
 .text.HAL_GPIO_ReadPin
                0x0000000008001fbc       0x2e Drivers/STM32F1xx_HAL_Driver/Src/stm32f1xx_hal_gpio.o
                0x0000000008001fbc                HAL_GPIO_ReadPin
 .text.HAL_GPIO_WritePin
                0x0000000008001fea       0x30 Drivers/STM32F1xx_HAL_Driver/Src/stm32f1xx_hal_gpio.o
                0x0000000008001fea                HAL_GPIO_WritePin
 *fill*         0x000000000800201a        0x2 
 .text.HAL_RCC_OscConfig
                0x000000000800201c      0x500 Drivers/STM32F1xx_HAL_Driver/Src/stm32f1xx_hal_rcc.o
                0x000000000800201c                HAL_RCC_OscConfig
 .text.HAL_RCC_ClockConfig
                0x000000000800251c      0x1d4 Drivers/STM32F1xx_HAL_Driver/Src/stm32f1xx_hal_rcc.o
                0x000000000800251c                HAL_RCC_ClockConfig
 .text.HAL_RCC_GetSysClockFreq
                0x00000000080026f0       0xc4 Drivers/STM32F1xx_HAL_Driver/Src/stm32f1xx_hal_rcc.o
                0x00000000080026f0                HAL_RCC_GetSysClockFreq
 .text.RCC_Delay
                0x00000000080027b4       0x3c Drivers/STM32F1xx_HAL_Driver/Src/stm32f1xx_hal_rcc.o
 .text.HAL_SPI_Init
                0x00000000080027f0      0x108 Drivers/STM32F1xx_HAL_Driver/Src/stm32f1xx_hal_spi.o
                0x00000000080027f0                HAL_SPI_Init
 .text.HAL_SPI_Transmit
                0x00000000080028f8      0x278 Drivers/STM32F1xx_HAL_Driver/Src/stm32f1xx_hal_spi.o
                0x00000000080028f8                HAL_SPI_Transmit
 .text.SPI_WaitFlagStateUntilTimeout
                0x0000000008002b70      0x110 Drivers/STM32F1xx_HAL_Driver/Src/stm32f1xx_hal_spi.o
 .text.SPI_EndRxTxTransaction
                0x0000000008002c80       0x3c Drivers/STM32F1xx_HAL_Driver/Src/stm32f1xx_hal_spi.o
 .text.__errno  0x0000000008002cbc        0xc c:/st/stm32cubeide_1.5.1/stm32cubeide/plugins/com.st.stm32cube.ide.mcu.externaltools.gnu-tools-for-stm32.7-2018-q2-update.win32_1.5.0.202011040924/tools/bin/../lib/gcc/arm-none-eabi/7.3.1/../../../../arm-none-eabi/lib/thumb/v7-m\libc_nano.a(lib_a-errno.o)
                0x0000000008002cbc                __errno
 .text.__libc_init_array
                0x0000000008002cc8       0x48 c:/st/stm32cubeide_1.5.1/stm32cubeide/plugins/com.st.stm32cube.ide.mcu.externaltools.gnu-tools-for-stm32.7-2018-q2-update.win32_1.5.0.202011040924/tools/bin/../lib/gcc/arm-none-eabi/7.3.1/../../../../arm-none-eabi/lib/thumb/v7-m\libc_nano.a(lib_a-init.o)
                0x0000000008002cc8                __libc_init_array
 .text.memset   0x0000000008002d10       0x10 c:/st/stm32cubeide_1.5.1/stm32cubeide/plugins/com.st.stm32cube.ide.mcu.externaltools.gnu-tools-for-stm32.7-2018-q2-update.win32_1.5.0.202011040924/tools/bin/../lib/gcc/arm-none-eabi/7.3.1/../../../../arm-none-eabi/lib/thumb/v7-m\libc_nano.a(lib_a-memset.o)
                0x0000000008002d10                memset
 .text.rand     0x0000000008002d20       0x68 c:/st/stm32cubeide_1.5.1/stm32cubeide/plugins/com.st.stm32cube.ide.mcu.externaltools.gnu-tools-for-stm32.7-2018-q2-update.win32_1.5.0.202011040924/tools/bin/../lib/gcc/arm-none-eabi/7.3.1/../../../../arm-none-eabi/lib/thumb/v7-m\libc_nano.a(lib_a-rand.o)
                0x0000000008002d20                rand
 .text.malloc   0x0000000008002d88       0x10 c:/st/stm32cubeide_1.5.1/stm32cubeide/plugins/com.st.stm32cube.ide.mcu.externaltools.gnu-tools-for-stm32.7-2018-q2-update.win32_1.5.0.202011040924/tools/bin/../lib/gcc/arm-none-eabi/7.3.1/../../../../arm-none-eabi/lib/thumb/v7-m\libc_nano.a(lib_a-malloc.o)
                0x0000000008002d88                malloc
 .text._malloc_r
                0x0000000008002d98       0xb4 c:/st/stm32cubeide_1.5.1/stm32cubeide/plugins/com.st.stm32cube.ide.mcu.externaltools.gnu-tools-for-stm32.7-2018-q2-update.win32_1.5.0.202011040924/tools/bin/../lib/gcc/arm-none-eabi/7.3.1/../../../../arm-none-eabi/lib/thumb/v7-m\libc_nano.a(lib_a-nano-mallocr.o)
                0x0000000008002d98                _malloc_r
 .text._sbrk_r  0x0000000008002e4c       0x20 c:/st/stm32cubeide_1.5.1/stm32cubeide/plugins/com.st.stm32cube.ide.mcu.externaltools.gnu-tools-for-stm32.7-2018-q2-update.win32_1.5.0.202011040924/tools/bin/../lib/gcc/arm-none-eabi/7.3.1/../../../../arm-none-eabi/lib/thumb/v7-m\libc_nano.a(lib_a-sbrkr.o)
                0x0000000008002e4c                _sbrk_r
 .text.__malloc_lock
                0x0000000008002e6c        0x2 c:/st/stm32cubeide_1.5.1/stm32cubeide/plugins/com.st.stm32cube.ide.mcu.externaltools.gnu-tools-for-stm32.7-2018-q2-update.win32_1.5.0.202011040924/tools/bin/../lib/gcc/arm-none-eabi/7.3.1/../../../../arm-none-eabi/lib/thumb/v7-m\libc_nano.a(lib_a-mlock.o)
                0x0000000008002e6c                __malloc_lock
 .text.__malloc_unlock
                0x0000000008002e6e        0x2 c:/st/stm32cubeide_1.5.1/stm32cubeide/plugins/com.st.stm32cube.ide.mcu.externaltools.gnu-tools-for-stm32.7-2018-q2-update.win32_1.5.0.202011040924/tools/bin/../lib/gcc/arm-none-eabi/7.3.1/../../../../arm-none-eabi/lib/thumb/v7-m\libc_nano.a(lib_a-mlock.o)
                0x0000000008002e6e                __malloc_unlock
 *(.glue_7)
 .glue_7        0x0000000008002e70        0x0 linker stubs
 *(.glue_7t)
 .glue_7t       0x0000000008002e70        0x0 linker stubs
 *(.eh_frame)
 .eh_frame      0x0000000008002e70        0x0 c:/st/stm32cubeide_1.5.1/stm32cubeide/plugins/com.st.stm32cube.ide.mcu.externaltools.gnu-tools-for-stm32.7-2018-q2-update.win32_1.5.0.202011040924/tools/bin/../lib/gcc/arm-none-eabi/7.3.1/thumb/v7-m/crtbegin.o
 *(.init)
 .init          0x0000000008002e70        0x4 c:/st/stm32cubeide_1.5.1/stm32cubeide/plugins/com.st.stm32cube.ide.mcu.externaltools.gnu-tools-for-stm32.7-2018-q2-update.win32_1.5.0.202011040924/tools/bin/../lib/gcc/arm-none-eabi/7.3.1/thumb/v7-m/crti.o
                0x0000000008002e70                _init
 .init          0x0000000008002e74        0x8 c:/st/stm32cubeide_1.5.1/stm32cubeide/plugins/com.st.stm32cube.ide.mcu.externaltools.gnu-tools-for-stm32.7-2018-q2-update.win32_1.5.0.202011040924/tools/bin/../lib/gcc/arm-none-eabi/7.3.1/thumb/v7-m/crtn.o
 *(.fini)
 .fini          0x0000000008002e7c        0x4 c:/st/stm32cubeide_1.5.1/stm32cubeide/plugins/com.st.stm32cube.ide.mcu.externaltools.gnu-tools-for-stm32.7-2018-q2-update.win32_1.5.0.202011040924/tools/bin/../lib/gcc/arm-none-eabi/7.3.1/thumb/v7-m/crti.o
                0x0000000008002e7c                _fini
 .fini          0x0000000008002e80        0x8 c:/st/stm32cubeide_1.5.1/stm32cubeide/plugins/com.st.stm32cube.ide.mcu.externaltools.gnu-tools-for-stm32.7-2018-q2-update.win32_1.5.0.202011040924/tools/bin/../lib/gcc/arm-none-eabi/7.3.1/thumb/v7-m/crtn.o
                0x0000000008002e88                . = ALIGN (0x4)
                0x0000000008002e88                _etext = .

.vfp11_veneer   0x0000000008002e88        0x0
 .vfp11_veneer  0x0000000008002e88        0x0 linker stubs

.v4_bx          0x0000000008002e88        0x0
 .v4_bx         0x0000000008002e88        0x0 linker stubs

.iplt           0x0000000008002e88        0x0
 .iplt          0x0000000008002e88        0x0 c:/st/stm32cubeide_1.5.1/stm32cubeide/plugins/com.st.stm32cube.ide.mcu.externaltools.gnu-tools-for-stm32.7-2018-q2-update.win32_1.5.0.202011040924/tools/bin/../lib/gcc/arm-none-eabi/7.3.1/thumb/v7-m/crtbegin.o

.rodata         0x0000000008002e88     0x2234
                0x0000000008002e88                . = ALIGN (0x4)
 *(.rodata)
 .rodata        0x0000000008002e88       0xb9 Core/Src/ST7789/st7789.o
 *fill*         0x0000000008002f41        0x3 
 .rodata        0x0000000008002f44       0xa9 Core/Src/main.o
 *fill*         0x0000000008002fed        0x3 
 .rodata        0x0000000008002ff0       0x12 Drivers/STM32F1xx_HAL_Driver/Src/stm32f1xx_hal_rcc.o
 *(.rodata*)
 *fill*         0x0000000008003002        0x2 
 .rodata.Font11x18
                0x0000000008003004      0xd5c Core/Src/ST7789/fonts.o
 .rodata.Font16x26
                0x0000000008003d60     0x134c Core/Src/ST7789/fonts.o
 .rodata.AHBPrescTable
                0x00000000080050ac       0x10 Core/Src/system_stm32f1xx.o
                0x00000000080050ac                AHBPrescTable
                0x00000000080050bc                . = ALIGN (0x4)

.rel.dyn        0x00000000080050bc        0x0
 .rel.iplt      0x00000000080050bc        0x0 c:/st/stm32cubeide_1.5.1/stm32cubeide/plugins/com.st.stm32cube.ide.mcu.externaltools.gnu-tools-for-stm32.7-2018-q2-update.win32_1.5.0.202011040924/tools/bin/../lib/gcc/arm-none-eabi/7.3.1/thumb/v7-m/crtbegin.o

.ARM.extab      0x00000000080050bc        0x0
                0x00000000080050bc                . = ALIGN (0x4)
 *(.ARM.extab* .gnu.linkonce.armextab.*)
                0x00000000080050bc                . = ALIGN (0x4)

.ARM            0x00000000080050bc        0x0
                0x00000000080050bc                . = ALIGN (0x4)
                0x00000000080050bc                __exidx_start = .
 *(.ARM.exidx*)
                0x00000000080050bc                __exidx_end = .
                0x00000000080050bc                . = ALIGN (0x4)

.preinit_array  0x00000000080050bc        0x0
                0x00000000080050bc                . = ALIGN (0x4)
                0x00000000080050bc                PROVIDE (__preinit_array_start = .)
 *(.preinit_array*)
                0x00000000080050bc                PROVIDE (__preinit_array_end = .)
                0x00000000080050bc                . = ALIGN (0x4)

.init_array     0x00000000080050bc        0x4
                0x00000000080050bc                . = ALIGN (0x4)
                0x00000000080050bc                PROVIDE (__init_array_start = .)
 *(SORT_BY_NAME(.init_array.*))
 *(.init_array*)
 .init_array    0x00000000080050bc        0x4 c:/st/stm32cubeide_1.5.1/stm32cubeide/plugins/com.st.stm32cube.ide.mcu.externaltools.gnu-tools-for-stm32.7-2018-q2-update.win32_1.5.0.202011040924/tools/bin/../lib/gcc/arm-none-eabi/7.3.1/thumb/v7-m/crtbegin.o
                0x00000000080050c0                PROVIDE (__init_array_end = .)
                0x00000000080050c0                . = ALIGN (0x4)

.fini_array     0x00000000080050c0        0x4
                0x00000000080050c0                . = ALIGN (0x4)
                [!provide]                        PROVIDE (__fini_array_start = .)
 *(SORT_BY_NAME(.fini_array.*))
 *(.fini_array*)
 .fini_array    0x00000000080050c0        0x4 c:/st/stm32cubeide_1.5.1/stm32cubeide/plugins/com.st.stm32cube.ide.mcu.externaltools.gnu-tools-for-stm32.7-2018-q2-update.win32_1.5.0.202011040924/tools/bin/../lib/gcc/arm-none-eabi/7.3.1/thumb/v7-m/crtbegin.o
                [!provide]                        PROVIDE (__fini_array_end = .)
                0x00000000080050c4                . = ALIGN (0x4)
                0x00000000080050c4                _sidata = LOADADDR (.data)

.data           0x0000000020000000       0xbc load address 0x00000000080050c4
                0x0000000020000000                . = ALIGN (0x4)
                0x0000000020000000                _sdata = .
 *(.data)
 *(.data*)
 .data.Font_11x18
                0x0000000020000000        0x8 Core/Src/ST7789/fonts.o
                0x0000000020000000                Font_11x18
 .data.Font_16x26
                0x0000000020000008        0x8 Core/Src/ST7789/fonts.o
                0x0000000020000008                Font_16x26
 .data.Parte1CX
                0x0000000020000010        0x4 Core/Src/main.o
                0x0000000020000010                Parte1CX
 .data.Parte1CY
                0x0000000020000014        0x4 Core/Src/main.o
                0x0000000020000014                Parte1CY
 .data.Parte2X  0x0000000020000018        0x4 Core/Src/main.o
                0x0000000020000018                Parte2X
 .data.Parte2Y  0x000000002000001c        0x4 Core/Src/main.o
                0x000000002000001c                Parte2Y
 .data.Parte3X  0x0000000020000020        0x4 Core/Src/main.o
                0x0000000020000020                Parte3X
 .data.Parte3Y  0x0000000020000024        0x4 Core/Src/main.o
                0x0000000020000024                Parte3Y
 .data.Parte4X  0x0000000020000028        0x4 Core/Src/main.o
                0x0000000020000028                Parte4X
 .data.Parte4Y  0x000000002000002c        0x4 Core/Src/main.o
                0x000000002000002c                Parte4Y
 .data.Parte5X  0x0000000020000030        0x4 Core/Src/main.o
                0x0000000020000030                Parte5X
 .data.Parte5Y  0x0000000020000034        0x4 Core/Src/main.o
                0x0000000020000034                Parte5Y
 .data.Parte1FX
                0x0000000020000038        0x4 Core/Src/main.o
                0x0000000020000038                Parte1FX
 .data.Parte1FY
                0x000000002000003c        0x4 Core/Src/main.o
                0x000000002000003c                Parte1FY
 .data.escolha  0x0000000020000040        0x4 Core/Src/main.o
                0x0000000020000040                escolha
 .data.escolha2
                0x0000000020000044        0x4 Core/Src/main.o
                0x0000000020000044                escolha2
 .data.movimentar
                0x0000000020000048        0x4 Core/Src/main.o
                0x0000000020000048                movimentar
 .data.SystemCoreClock
                0x000000002000004c        0x4 Core/Src/system_stm32f1xx.o
                0x000000002000004c                SystemCoreClock
 .data.uwTickPrio
                0x0000000020000050        0x4 Drivers/STM32F1xx_HAL_Driver/Src/stm32f1xx_hal.o
                0x0000000020000050                uwTickPrio
 .data.uwTickFreq
                0x0000000020000054        0x1 Drivers/STM32F1xx_HAL_Driver/Src/stm32f1xx_hal.o
                0x0000000020000054                uwTickFreq
 *fill*         0x0000000020000055        0x3 
 .data._impure_ptr
                0x0000000020000058        0x4 c:/st/stm32cubeide_1.5.1/stm32cubeide/plugins/com.st.stm32cube.ide.mcu.externaltools.gnu-tools-for-stm32.7-2018-q2-update.win32_1.5.0.202011040924/tools/bin/../lib/gcc/arm-none-eabi/7.3.1/../../../../arm-none-eabi/lib/thumb/v7-m\libc_nano.a(lib_a-impure.o)
                0x0000000020000058                _impure_ptr
 .data.impure_data
                0x000000002000005c       0x60 c:/st/stm32cubeide_1.5.1/stm32cubeide/plugins/com.st.stm32cube.ide.mcu.externaltools.gnu-tools-for-stm32.7-2018-q2-update.win32_1.5.0.202011040924/tools/bin/../lib/gcc/arm-none-eabi/7.3.1/../../../../arm-none-eabi/lib/thumb/v7-m\libc_nano.a(lib_a-impure.o)
 *(.RamFunc)
 *(.RamFunc*)
                0x00000000200000bc                . = ALIGN (0x4)
                0x00000000200000bc                _edata = .

.igot.plt       0x00000000200000bc        0x0 load address 0x0000000008005180
 .igot.plt      0x00000000200000bc        0x0 c:/st/stm32cubeide_1.5.1/stm32cubeide/plugins/com.st.stm32cube.ide.mcu.externaltools.gnu-tools-for-stm32.7-2018-q2-update.win32_1.5.0.202011040924/tools/bin/../lib/gcc/arm-none-eabi/7.3.1/thumb/v7-m/crtbegin.o
                0x00000000200000bc                . = ALIGN (0x4)

.bss            0x00000000200000bc       0xb4 load address 0x0000000008005180
                0x00000000200000bc                _sbss = .
                0x00000000200000bc                __bss_start__ = _sbss
 *(.bss)
 .bss           0x00000000200000bc       0x1c c:/st/stm32cubeide_1.5.1/stm32cubeide/plugins/com.st.stm32cube.ide.mcu.externaltools.gnu-tools-for-stm32.7-2018-q2-update.win32_1.5.0.202011040924/tools/bin/../lib/gcc/arm-none-eabi/7.3.1/thumb/v7-m/crtbegin.o
 *(.bss*)
 .bss.coletavel
                0x00000000200000d8        0x4 Core/Src/main.o
                0x00000000200000d8                coletavel
 .bss.recorde   0x00000000200000dc        0x4 Core/Src/main.o
                0x00000000200000dc                recorde
 .bss.direction
                0x00000000200000e0        0x4 Core/Src/main.o
                0x00000000200000e0                direction
 .bss.__sbrk_heap_end
                0x00000000200000e4        0x4 Core/Src/sysmem.o
 .bss.__malloc_free_list
                0x00000000200000e8        0x4 c:/st/stm32cubeide_1.5.1/stm32cubeide/plugins/com.st.stm32cube.ide.mcu.externaltools.gnu-tools-for-stm32.7-2018-q2-update.win32_1.5.0.202011040924/tools/bin/../lib/gcc/arm-none-eabi/7.3.1/../../../../arm-none-eabi/lib/thumb/v7-m\libc_nano.a(lib_a-nano-mallocr.o)
                0x00000000200000e8                __malloc_free_list
 .bss.__malloc_sbrk_start
                0x00000000200000ec        0x4 c:/st/stm32cubeide_1.5.1/stm32cubeide/plugins/com.st.stm32cube.ide.mcu.externaltools.gnu-tools-for-stm32.7-2018-q2-update.win32_1.5.0.202011040924/tools/bin/../lib/gcc/arm-none-eabi/7.3.1/../../../../arm-none-eabi/lib/thumb/v7-m\libc_nano.a(lib_a-nano-mallocr.o)
                0x00000000200000ec                __malloc_sbrk_start
 *(COMMON)
 COMMON         0x00000000200000f0       0x78 Core/Src/main.o
                0x00000000200000f0                estado
                0x00000000200000f4                interrompe2
                0x00000000200000f8                VelocidadeAndar
                0x00000000200000fc                XFruta
                0x0000000020000100                direcao
                0x0000000020000104                hspi1
                0x000000002000015c                PararDeGerar
                0x0000000020000160                YFruta
                0x0000000020000164                interrompe
 COMMON         0x0000000020000168        0x4 Drivers/STM32F1xx_HAL_Driver/Src/stm32f1xx_hal.o
                0x0000000020000168                uwTick
 COMMON         0x000000002000016c        0x4 c:/st/stm32cubeide_1.5.1/stm32cubeide/plugins/com.st.stm32cube.ide.mcu.externaltools.gnu-tools-for-stm32.7-2018-q2-update.win32_1.5.0.202011040924/tools/bin/../lib/gcc/arm-none-eabi/7.3.1/../../../../arm-none-eabi/lib/thumb/v7-m\libc_nano.a(lib_a-reent.o)
                0x000000002000016c                errno
                0x0000000020000170                . = ALIGN (0x4)
                0x0000000020000170                _ebss = .
                0x0000000020000170                __bss_end__ = _ebss

._user_heap_stack
                0x0000000020000170      0x600 load address 0x0000000008005180
                0x0000000020000170                . = ALIGN (0x8)
                [!provide]                        PROVIDE (end = .)
                0x0000000020000170                PROVIDE (_end = .)
                0x0000000020000370                . = (. + _Min_Heap_Size)
 *fill*         0x0000000020000170      0x200 
                0x0000000020000770                . = (. + _Min_Stack_Size)
 *fill*         0x0000000020000370      0x400 
                0x0000000020000770                . = ALIGN (0x8)

/DISCARD/
 libc.a(*)
 libm.a(*)
 libgcc.a(*)

.ARM.attributes
                0x0000000000000000       0x29
 *(.ARM.attributes)
 .ARM.attributes
                0x0000000000000000       0x1d c:/st/stm32cubeide_1.5.1/stm32cubeide/plugins/com.st.stm32cube.ide.mcu.externaltools.gnu-tools-for-stm32.7-2018-q2-update.win32_1.5.0.202011040924/tools/bin/../lib/gcc/arm-none-eabi/7.3.1/thumb/v7-m/crti.o
 .ARM.attributes
                0x000000000000001d       0x2d c:/st/stm32cubeide_1.5.1/stm32cubeide/plugins/com.st.stm32cube.ide.mcu.externaltools.gnu-tools-for-stm32.7-2018-q2-update.win32_1.5.0.202011040924/tools/bin/../lib/gcc/arm-none-eabi/7.3.1/thumb/v7-m/crtbegin.o
 .ARM.attributes
                0x000000000000004a       0x33 Core/Src/ST7789/fonts.o
 .ARM.attributes
                0x000000000000007d       0x33 Core/Src/ST7789/st7789.o
 .ARM.attributes
                0x00000000000000b0       0x33 Core/Src/main.o
 .ARM.attributes
                0x00000000000000e3       0x33 Core/Src/stm32f1xx_hal_msp.o
 .ARM.attributes
                0x0000000000000116       0x33 Core/Src/stm32f1xx_it.o
 .ARM.attributes
                0x0000000000000149       0x33 Core/Src/sysmem.o
 .ARM.attributes
                0x000000000000017c       0x33 Core/Src/system_stm32f1xx.o
 .ARM.attributes
                0x00000000000001af       0x21 Core/Startup/startup_stm32f103c8tx.o
 .ARM.attributes
                0x00000000000001d0       0x33 Drivers/STM32F1xx_HAL_Driver/Src/stm32f1xx_hal.o
 .ARM.attributes
                0x0000000000000203       0x33 Drivers/STM32F1xx_HAL_Driver/Src/stm32f1xx_hal_cortex.o
 .ARM.attributes
                0x0000000000000236       0x33 Drivers/STM32F1xx_HAL_Driver/Src/stm32f1xx_hal_gpio.o
 .ARM.attributes
                0x0000000000000269       0x33 Drivers/STM32F1xx_HAL_Driver/Src/stm32f1xx_hal_rcc.o
 .ARM.attributes
                0x000000000000029c       0x33 Drivers/STM32F1xx_HAL_Driver/Src/stm32f1xx_hal_spi.o
 .ARM.attributes
                0x00000000000002cf       0x2d c:/st/stm32cubeide_1.5.1/stm32cubeide/plugins/com.st.stm32cube.ide.mcu.externaltools.gnu-tools-for-stm32.7-2018-q2-update.win32_1.5.0.202011040924/tools/bin/../lib/gcc/arm-none-eabi/7.3.1/../../../../arm-none-eabi/lib/thumb/v7-m\libc_nano.a(lib_a-errno.o)
 .ARM.attributes
                0x00000000000002fc       0x2d c:/st/stm32cubeide_1.5.1/stm32cubeide/plugins/com.st.stm32cube.ide.mcu.externaltools.gnu-tools-for-stm32.7-2018-q2-update.win32_1.5.0.202011040924/tools/bin/../lib/gcc/arm-none-eabi/7.3.1/../../../../arm-none-eabi/lib/thumb/v7-m\libc_nano.a(lib_a-impure.o)
 .ARM.attributes
                0x0000000000000329       0x2d c:/st/stm32cubeide_1.5.1/stm32cubeide/plugins/com.st.stm32cube.ide.mcu.externaltools.gnu-tools-for-stm32.7-2018-q2-update.win32_1.5.0.202011040924/tools/bin/../lib/gcc/arm-none-eabi/7.3.1/../../../../arm-none-eabi/lib/thumb/v7-m\libc_nano.a(lib_a-init.o)
 .ARM.attributes
                0x0000000000000356       0x2d c:/st/stm32cubeide_1.5.1/stm32cubeide/plugins/com.st.stm32cube.ide.mcu.externaltools.gnu-tools-for-stm32.7-2018-q2-update.win32_1.5.0.202011040924/tools/bin/../lib/gcc/arm-none-eabi/7.3.1/../../../../arm-none-eabi/lib/thumb/v7-m\libc_nano.a(lib_a-memset.o)
 .ARM.attributes
                0x0000000000000383       0x2d c:/st/stm32cubeide_1.5.1/stm32cubeide/plugins/com.st.stm32cube.ide.mcu.externaltools.gnu-tools-for-stm32.7-2018-q2-update.win32_1.5.0.202011040924/tools/bin/../lib/gcc/arm-none-eabi/7.3.1/../../../../arm-none-eabi/lib/thumb/v7-m\libc_nano.a(lib_a-rand.o)
 .ARM.attributes
                0x00000000000003b0       0x2d c:/st/stm32cubeide_1.5.1/stm32cubeide/plugins/com.st.stm32cube.ide.mcu.externaltools.gnu-tools-for-stm32.7-2018-q2-update.win32_1.5.0.202011040924/tools/bin/../lib/gcc/arm-none-eabi/7.3.1/../../../../arm-none-eabi/lib/thumb/v7-m\libc_nano.a(lib_a-malloc.o)
 .ARM.attributes
                0x00000000000003dd       0x2d c:/st/stm32cubeide_1.5.1/stm32cubeide/plugins/com.st.stm32cube.ide.mcu.externaltools.gnu-tools-for-stm32.7-2018-q2-update.win32_1.5.0.202011040924/tools/bin/../lib/gcc/arm-none-eabi/7.3.1/../../../../arm-none-eabi/lib/thumb/v7-m\libc_nano.a(lib_a-nano-mallocr.o)
 .ARM.attributes
                0x000000000000040a       0x2d c:/st/stm32cubeide_1.5.1/stm32cubeide/plugins/com.st.stm32cube.ide.mcu.externaltools.gnu-tools-for-stm32.7-2018-q2-update.win32_1.5.0.202011040924/tools/bin/../lib/gcc/arm-none-eabi/7.3.1/../../../../arm-none-eabi/lib/thumb/v7-m\libc_nano.a(lib_a-sbrkr.o)
 .ARM.attributes
                0x0000000000000437       0x2d c:/st/stm32cubeide_1.5.1/stm32cubeide/plugins/com.st.stm32cube.ide.mcu.externaltools.gnu-tools-for-stm32.7-2018-q2-update.win32_1.5.0.202011040924/tools/bin/../lib/gcc/arm-none-eabi/7.3.1/../../../../arm-none-eabi/lib/thumb/v7-m\libc_nano.a(lib_a-mlock.o)
 .ARM.attributes
                0x0000000000000464       0x2d c:/st/stm32cubeide_1.5.1/stm32cubeide/plugins/com.st.stm32cube.ide.mcu.externaltools.gnu-tools-for-stm32.7-2018-q2-update.win32_1.5.0.202011040924/tools/bin/../lib/gcc/arm-none-eabi/7.3.1/../../../../arm-none-eabi/lib/thumb/v7-m\libc_nano.a(lib_a-reent.o)
 .ARM.attributes
                0x0000000000000491       0x1d c:/st/stm32cubeide_1.5.1/stm32cubeide/plugins/com.st.stm32cube.ide.mcu.externaltools.gnu-tools-for-stm32.7-2018-q2-update.win32_1.5.0.202011040924/tools/bin/../lib/gcc/arm-none-eabi/7.3.1/thumb/v7-m/crtn.o
OUTPUT(projeto_integrado.elf elf32-littlearm)

.debug_info     0x0000000000000000     0x7504
 .debug_info    0x0000000000000000      0x19c Core/Src/ST7789/fonts.o
 .debug_info    0x000000000000019c     0x10f1 Core/Src/ST7789/st7789.o
 .debug_info    0x000000000000128d     0x150a Core/Src/main.o
 .debug_info    0x0000000000002797      0x892 Core/Src/stm32f1xx_hal_msp.o
 .debug_info    0x0000000000003029      0x20a Core/Src/stm32f1xx_it.o
 .debug_info    0x0000000000003233      0x985 Core/Src/sysmem.o
 .debug_info    0x0000000000003bb8      0x29a Core/Src/system_stm32f1xx.o
 .debug_info    0x0000000000003e52       0x22 Core/Startup/startup_stm32f103c8tx.o
 .debug_info    0x0000000000003e74      0x714 Drivers/STM32F1xx_HAL_Driver/Src/stm32f1xx_hal.o
 .debug_info    0x0000000000004588      0xb51 Drivers/STM32F1xx_HAL_Driver/Src/stm32f1xx_hal_cortex.o
 .debug_info    0x00000000000050d9      0x69b Drivers/STM32F1xx_HAL_Driver/Src/stm32f1xx_hal_gpio.o
 .debug_info    0x0000000000005774      0x80f Drivers/STM32F1xx_HAL_Driver/Src/stm32f1xx_hal_rcc.o
 .debug_info    0x0000000000005f83     0x1581 Drivers/STM32F1xx_HAL_Driver/Src/stm32f1xx_hal_spi.o

.debug_abbrev   0x0000000000000000     0x15cb
 .debug_abbrev  0x0000000000000000       0xa1 Core/Src/ST7789/fonts.o
 .debug_abbrev  0x00000000000000a1      0x233 Core/Src/ST7789/st7789.o
 .debug_abbrev  0x00000000000002d4      0x2e5 Core/Src/main.o
 .debug_abbrev  0x00000000000005b9      0x18c Core/Src/stm32f1xx_hal_msp.o
 .debug_abbrev  0x0000000000000745       0xc6 Core/Src/stm32f1xx_it.o
 .debug_abbrev  0x000000000000080b      0x19b Core/Src/sysmem.o
 .debug_abbrev  0x00000000000009a6      0x134 Core/Src/system_stm32f1xx.o
 .debug_abbrev  0x0000000000000ada       0x12 Core/Startup/startup_stm32f103c8tx.o
 .debug_abbrev  0x0000000000000aec      0x1c7 Drivers/STM32F1xx_HAL_Driver/Src/stm32f1xx_hal.o
 .debug_abbrev  0x0000000000000cb3      0x2d5 Drivers/STM32F1xx_HAL_Driver/Src/stm32f1xx_hal_cortex.o
 .debug_abbrev  0x0000000000000f88      0x1c0 Drivers/STM32F1xx_HAL_Driver/Src/stm32f1xx_hal_gpio.o
 .debug_abbrev  0x0000000000001148      0x243 Drivers/STM32F1xx_HAL_Driver/Src/stm32f1xx_hal_rcc.o
 .debug_abbrev  0x000000000000138b      0x240 Drivers/STM32F1xx_HAL_Driver/Src/stm32f1xx_hal_spi.o

.debug_aranges  0x0000000000000000      0x738
 .debug_aranges
                0x0000000000000000       0x18 Core/Src/ST7789/fonts.o
 .debug_aranges
                0x0000000000000018       0xd0 Core/Src/ST7789/st7789.o
 .debug_aranges
                0x00000000000000e8       0xb8 Core/Src/main.o
 .debug_aranges
                0x00000000000001a0       0x30 Core/Src/stm32f1xx_hal_msp.o
 .debug_aranges
                0x00000000000001d0       0x60 Core/Src/stm32f1xx_it.o
 .debug_aranges
                0x0000000000000230       0x20 Core/Src/sysmem.o
 .debug_aranges
                0x0000000000000250       0x28 Core/Src/system_stm32f1xx.o
 .debug_aranges
                0x0000000000000278       0x28 Core/Startup/startup_stm32f103c8tx.o
 .debug_aranges
                0x00000000000002a0       0xe0 Drivers/STM32F1xx_HAL_Driver/Src/stm32f1xx_hal.o
 .debug_aranges
                0x0000000000000380      0x100 Drivers/STM32F1xx_HAL_Driver/Src/stm32f1xx_hal_cortex.o
 .debug_aranges
                0x0000000000000480       0x58 Drivers/STM32F1xx_HAL_Driver/Src/stm32f1xx_hal_gpio.o
 .debug_aranges
                0x00000000000004d8       0x90 Drivers/STM32F1xx_HAL_Driver/Src/stm32f1xx_hal_rcc.o
 .debug_aranges
                0x0000000000000568      0x1d0 Drivers/STM32F1xx_HAL_Driver/Src/stm32f1xx_hal_spi.o

.debug_macro    0x0000000000000000    0x17155
 .debug_macro   0x0000000000000000       0x6d Core/Src/ST7789/fonts.o
 .debug_macro   0x000000000000006d      0xa5a Core/Src/ST7789/fonts.o
 .debug_macro   0x0000000000000ac7       0x22 Core/Src/ST7789/fonts.o
 .debug_macro   0x0000000000000ae9       0x8e Core/Src/ST7789/fonts.o
 .debug_macro   0x0000000000000b77       0x51 Core/Src/ST7789/fonts.o
 .debug_macro   0x0000000000000bc8       0xef Core/Src/ST7789/fonts.o
 .debug_macro   0x0000000000000cb7       0x6a Core/Src/ST7789/fonts.o
 .debug_macro   0x0000000000000d21      0x1df Core/Src/ST7789/fonts.o
 .debug_macro   0x0000000000000f00      0x1c0 Core/Src/ST7789/st7789.o
 .debug_macro   0x00000000000010c0      0x215 Core/Src/ST7789/st7789.o
 .debug_macro   0x00000000000012d5       0x2e Core/Src/ST7789/st7789.o
 .debug_macro   0x0000000000001303       0x22 Core/Src/ST7789/st7789.o
 .debug_macro   0x0000000000001325       0x1c Core/Src/ST7789/st7789.o
 .debug_macro   0x0000000000001341       0x22 Core/Src/ST7789/st7789.o
 .debug_macro   0x0000000000001363       0xc3 Core/Src/ST7789/st7789.o
 .debug_macro   0x0000000000001426      0xd23 Core/Src/ST7789/st7789.o
 .debug_macro   0x0000000000002149     0xe09e Core/Src/ST7789/st7789.o
 .debug_macro   0x00000000000101e7       0x6d Core/Src/ST7789/st7789.o
 .debug_macro   0x0000000000010254     0x3468 Core/Src/ST7789/st7789.o
 .debug_macro   0x00000000000136bc      0x174 Core/Src/ST7789/st7789.o
 .debug_macro   0x0000000000013830       0x5c Core/Src/ST7789/st7789.o
 .debug_macro   0x000000000001388c      0x5be Core/Src/ST7789/st7789.o
 .debug_macro   0x0000000000013e4a      0x289 Core/Src/ST7789/st7789.o
 .debug_macro   0x00000000000140d3      0x1cb Core/Src/ST7789/st7789.o
 .debug_macro   0x000000000001429e      0x114 Core/Src/ST7789/st7789.o
 .debug_macro   0x00000000000143b2      0x1b2 Core/Src/ST7789/st7789.o
 .debug_macro   0x0000000000014564       0x27 Core/Src/ST7789/st7789.o
 .debug_macro   0x000000000001458b      0x136 Core/Src/ST7789/st7789.o
 .debug_macro   0x00000000000146c1      0x1bc Core/Src/ST7789/st7789.o
 .debug_macro   0x000000000001487d       0x34 Core/Src/ST7789/st7789.o
 .debug_macro   0x00000000000148b1       0x3c Core/Src/ST7789/st7789.o
 .debug_macro   0x00000000000148ed       0x57 Core/Src/ST7789/st7789.o
 .debug_macro   0x0000000000014944       0x88 Core/Src/ST7789/st7789.o
 .debug_macro   0x00000000000149cc      0x241 Core/Src/ST7789/st7789.o
 .debug_macro   0x0000000000014c0d      0x141 Core/Src/ST7789/st7789.o
 .debug_macro   0x0000000000014d4e      0x217 Core/Src/ST7789/st7789.o
 .debug_macro   0x0000000000014f65       0x83 Core/Src/ST7789/st7789.o
 .debug_macro   0x0000000000014fe8       0x88 Core/Src/ST7789/st7789.o
 .debug_macro   0x0000000000015070      0x1fd Core/Src/ST7789/st7789.o
 .debug_macro   0x000000000001526d      0x3a0 Core/Src/main.o
 .debug_macro   0x000000000001560d       0x46 Core/Src/main.o
 .debug_macro   0x0000000000015653       0x18 Core/Src/main.o
 .debug_macro   0x000000000001566b       0x3c Core/Src/main.o
 .debug_macro   0x00000000000156a7       0x34 Core/Src/main.o
 .debug_macro   0x00000000000156db      0x32a Core/Src/main.o
 .debug_macro   0x0000000000015a05       0x52 Core/Src/main.o
 .debug_macro   0x0000000000015a57       0x1f Core/Src/main.o
 .debug_macro   0x0000000000015a76       0x43 Core/Src/main.o
 .debug_macro   0x0000000000015ab9       0x20 Core/Src/main.o
 .debug_macro   0x0000000000015ad9      0x1a3 Core/Src/main.o
 .debug_macro   0x0000000000015c7c       0x10 Core/Src/main.o
 .debug_macro   0x0000000000015c8c       0x35 Core/Src/main.o
 .debug_macro   0x0000000000015cc1       0x10 Core/Src/main.o
 .debug_macro   0x0000000000015cd1       0x10 Core/Src/main.o
 .debug_macro   0x0000000000015ce1       0x10 Core/Src/main.o
 .debug_macro   0x0000000000015cf1       0x1c Core/Src/main.o
 .debug_macro   0x0000000000015d0d       0x52 Core/Src/main.o
 .debug_macro   0x0000000000015d5f       0x40 Core/Src/main.o
 .debug_macro   0x0000000000015d9f       0x10 Core/Src/main.o
 .debug_macro   0x0000000000015daf       0x40 Core/Src/main.o
 .debug_macro   0x0000000000015def       0xd7 Core/Src/main.o
 .debug_macro   0x0000000000015ec6       0x1c Core/Src/main.o
 .debug_macro   0x0000000000015ee2       0x3d Core/Src/main.o
 .debug_macro   0x0000000000015f1f       0x35 Core/Src/main.o
 .debug_macro   0x0000000000015f54       0x1c Core/Src/main.o
 .debug_macro   0x0000000000015f70       0x10 Core/Src/main.o
 .debug_macro   0x0000000000015f80       0x10 Core/Src/main.o
 .debug_macro   0x0000000000015f90       0x16 Core/Src/main.o
 .debug_macro   0x0000000000015fa6      0x145 Core/Src/main.o
 .debug_macro   0x00000000000160eb      0x19d Core/Src/stm32f1xx_hal_msp.o
 .debug_macro   0x0000000000016288      0x1a7 Core/Src/stm32f1xx_it.o
 .debug_macro   0x000000000001642f       0xee Core/Src/sysmem.o
 .debug_macro   0x000000000001651d      0x23b Core/Src/sysmem.o
 .debug_macro   0x0000000000016758      0x18e Core/Src/system_stm32f1xx.o
 .debug_macro   0x00000000000168e6      0x1b2 Drivers/STM32F1xx_HAL_Driver/Src/stm32f1xx_hal.o
 .debug_macro   0x0000000000016a98      0x18e Drivers/STM32F1xx_HAL_Driver/Src/stm32f1xx_hal_cortex.o
 .debug_macro   0x0000000000016c26      0x1f9 Drivers/STM32F1xx_HAL_Driver/Src/stm32f1xx_hal_gpio.o
 .debug_macro   0x0000000000016e1f      0x1a0 Drivers/STM32F1xx_HAL_Driver/Src/stm32f1xx_hal_rcc.o
 .debug_macro   0x0000000000016fbf      0x196 Drivers/STM32F1xx_HAL_Driver/Src/stm32f1xx_hal_spi.o

.debug_line     0x0000000000000000     0x6488
 .debug_line    0x0000000000000000      0x385 Core/Src/ST7789/fonts.o
 .debug_line    0x0000000000000385      0xa31 Core/Src/ST7789/st7789.o
 .debug_line    0x0000000000000db6      0xb91 Core/Src/main.o
 .debug_line    0x0000000000001947      0x677 Core/Src/stm32f1xx_hal_msp.o
 .debug_line    0x0000000000001fbe      0x6ed Core/Src/stm32f1xx_it.o
 .debug_line    0x00000000000026ab      0x4c7 Core/Src/sysmem.o
 .debug_line    0x0000000000002b72      0x66d Core/Src/system_stm32f1xx.o
 .debug_line    0x00000000000031df       0x87 Core/Startup/startup_stm32f103c8tx.o
 .debug_line    0x0000000000003266      0x820 Drivers/STM32F1xx_HAL_Driver/Src/stm32f1xx_hal.o
 .debug_line    0x0000000000003a86      0x8f7 Drivers/STM32F1xx_HAL_Driver/Src/stm32f1xx_hal_cortex.o
 .debug_line    0x000000000000437d      0x81c Drivers/STM32F1xx_HAL_Driver/Src/stm32f1xx_hal_gpio.o
 .debug_line    0x0000000000004b99      0x8e0 Drivers/STM32F1xx_HAL_Driver/Src/stm32f1xx_hal_rcc.o
 .debug_line    0x0000000000005479     0x100f Drivers/STM32F1xx_HAL_Driver/Src/stm32f1xx_hal_spi.o

.debug_str      0x0000000000000000    0x82cce
 .debug_str     0x0000000000000000     0x3af0 Core/Src/ST7789/fonts.o
                                       0x3c66 (size before relaxing)
 .debug_str     0x0000000000003af0    0x790e1 Core/Src/ST7789/st7789.o
                                      0x7cf4f (size before relaxing)
 .debug_str     0x000000000007cbd1     0x472f Core/Src/main.o
                                      0x81426 (size before relaxing)
 .debug_str     0x0000000000081300       0x81 Core/Src/stm32f1xx_hal_msp.o
                                      0x7c620 (size before relaxing)
 .debug_str     0x0000000000081381       0xbd Core/Src/stm32f1xx_it.o
                                      0x7c212 (size before relaxing)
 .debug_str     0x000000000008143e      0x4e9 Core/Src/sysmem.o
                                       0x5f4b (size before relaxing)
 .debug_str     0x0000000000081927       0x52 Core/Src/system_stm32f1xx.o
                                      0x7bfdc (size before relaxing)
 .debug_str     0x0000000000081979       0x36 Core/Startup/startup_stm32f103c8tx.o
                                         0x7b (size before relaxing)
 .debug_str     0x00000000000819af      0x55e Drivers/STM32F1xx_HAL_Driver/Src/stm32f1xx_hal.o
                                      0x7c66d (size before relaxing)
 .debug_str     0x0000000000081f0d      0x300 Drivers/STM32F1xx_HAL_Driver/Src/stm32f1xx_hal_cortex.o
                                      0x7c675 (size before relaxing)
 .debug_str     0x000000000008220d      0x324 Drivers/STM32F1xx_HAL_Driver/Src/stm32f1xx_hal_gpio.o
                                      0x7c3a0 (size before relaxing)
 .debug_str     0x0000000000082531      0x24f Drivers/STM32F1xx_HAL_Driver/Src/stm32f1xx_hal_rcc.o
                                      0x7c3d9 (size before relaxing)
 .debug_str     0x0000000000082780      0x54e Drivers/STM32F1xx_HAL_Driver/Src/stm32f1xx_hal_spi.o
                                      0x7c8e8 (size before relaxing)

.comment        0x0000000000000000       0x7b
 .comment       0x0000000000000000       0x7b Core/Src/ST7789/fonts.o
                                         0x7c (size before relaxing)
 .comment       0x000000000000007b       0x7c Core/Src/ST7789/st7789.o
 .comment       0x000000000000007b       0x7c Core/Src/main.o
 .comment       0x000000000000007b       0x7c Core/Src/stm32f1xx_hal_msp.o
 .comment       0x000000000000007b       0x7c Core/Src/stm32f1xx_it.o
 .comment       0x000000000000007b       0x7c Core/Src/sysmem.o
 .comment       0x000000000000007b       0x7c Core/Src/system_stm32f1xx.o
 .comment       0x000000000000007b       0x7c Drivers/STM32F1xx_HAL_Driver/Src/stm32f1xx_hal.o
 .comment       0x000000000000007b       0x7c Drivers/STM32F1xx_HAL_Driver/Src/stm32f1xx_hal_cortex.o
 .comment       0x000000000000007b       0x7c Drivers/STM32F1xx_HAL_Driver/Src/stm32f1xx_hal_gpio.o
 .comment       0x000000000000007b       0x7c Drivers/STM32F1xx_HAL_Driver/Src/stm32f1xx_hal_rcc.o
 .comment       0x000000000000007b       0x7c Drivers/STM32F1xx_HAL_Driver/Src/stm32f1xx_hal_spi.o

.debug_ranges   0x0000000000000000      0x668
 .debug_ranges  0x0000000000000000       0xc0 Core/Src/ST7789/st7789.o
 .debug_ranges  0x00000000000000c0       0xa8 Core/Src/main.o
 .debug_ranges  0x0000000000000168       0x20 Core/Src/stm32f1xx_hal_msp.o
 .debug_ranges  0x0000000000000188       0x50 Core/Src/stm32f1xx_it.o
 .debug_ranges  0x00000000000001d8       0x10 Core/Src/sysmem.o
 .debug_ranges  0x00000000000001e8       0x18 Core/Src/system_stm32f1xx.o
 .debug_ranges  0x0000000000000200       0x20 Core/Startup/startup_stm32f103c8tx.o
 .debug_ranges  0x0000000000000220       0xd0 Drivers/STM32F1xx_HAL_Driver/Src/stm32f1xx_hal.o
 .debug_ranges  0x00000000000002f0       0xf0 Drivers/STM32F1xx_HAL_Driver/Src/stm32f1xx_hal_cortex.o
 .debug_ranges  0x00000000000003e0       0x48 Drivers/STM32F1xx_HAL_Driver/Src/stm32f1xx_hal_gpio.o
 .debug_ranges  0x0000000000000428       0x80 Drivers/STM32F1xx_HAL_Driver/Src/stm32f1xx_hal_rcc.o
 .debug_ranges  0x00000000000004a8      0x1c0 Drivers/STM32F1xx_HAL_Driver/Src/stm32f1xx_hal_spi.o

.debug_frame    0x0000000000000000     0x1cc8
 .debug_frame   0x0000000000000000      0x398 Core/Src/ST7789/st7789.o
 .debug_frame   0x0000000000000398      0x270 Core/Src/main.o
 .debug_frame   0x0000000000000608       0x80 Core/Src/stm32f1xx_hal_msp.o
 .debug_frame   0x0000000000000688      0x104 Core/Src/stm32f1xx_it.o
 .debug_frame   0x000000000000078c       0x34 Core/Src/sysmem.o
 .debug_frame   0x00000000000007c0       0x58 Core/Src/system_stm32f1xx.o
 .debug_frame   0x0000000000000818      0x334 Drivers/STM32F1xx_HAL_Driver/Src/stm32f1xx_hal.o
 .debug_frame   0x0000000000000b4c      0x428 Drivers/STM32F1xx_HAL_Driver/Src/stm32f1xx_hal_cortex.o
 .debug_frame   0x0000000000000f74      0x14c Drivers/STM32F1xx_HAL_Driver/Src/stm32f1xx_hal_gpio.o
 .debug_frame   0x00000000000010c0      0x21c Drivers/STM32F1xx_HAL_Driver/Src/stm32f1xx_hal_rcc.o
 .debug_frame   0x00000000000012dc      0x824 Drivers/STM32F1xx_HAL_Driver/Src/stm32f1xx_hal_spi.o
 .debug_frame   0x0000000000001b00       0x20 c:/st/stm32cubeide_1.5.1/stm32cubeide/plugins/com.st.stm32cube.ide.mcu.externaltools.gnu-tools-for-stm32.7-2018-q2-update.win32_1.5.0.202011040924/tools/bin/../lib/gcc/arm-none-eabi/7.3.1/../../../../arm-none-eabi/lib/thumb/v7-m\libc_nano.a(lib_a-errno.o)
 .debug_frame   0x0000000000001b20       0x2c c:/st/stm32cubeide_1.5.1/stm32cubeide/plugins/com.st.stm32cube.ide.mcu.externaltools.gnu-tools-for-stm32.7-2018-q2-update.win32_1.5.0.202011040924/tools/bin/../lib/gcc/arm-none-eabi/7.3.1/../../../../arm-none-eabi/lib/thumb/v7-m\libc_nano.a(lib_a-init.o)
 .debug_frame   0x0000000000001b4c       0x20 c:/st/stm32cubeide_1.5.1/stm32cubeide/plugins/com.st.stm32cube.ide.mcu.externaltools.gnu-tools-for-stm32.7-2018-q2-update.win32_1.5.0.202011040924/tools/bin/../lib/gcc/arm-none-eabi/7.3.1/../../../../arm-none-eabi/lib/thumb/v7-m\libc_nano.a(lib_a-memset.o)
 .debug_frame   0x0000000000001b6c       0x48 c:/st/stm32cubeide_1.5.1/stm32cubeide/plugins/com.st.stm32cube.ide.mcu.externaltools.gnu-tools-for-stm32.7-2018-q2-update.win32_1.5.0.202011040924/tools/bin/../lib/gcc/arm-none-eabi/7.3.1/../../../../arm-none-eabi/lib/thumb/v7-m\libc_nano.a(lib_a-rand.o)
 .debug_frame   0x0000000000001bb4       0x30 c:/st/stm32cubeide_1.5.1/stm32cubeide/plugins/com.st.stm32cube.ide.mcu.externaltools.gnu-tools-for-stm32.7-2018-q2-update.win32_1.5.0.202011040924/tools/bin/../lib/gcc/arm-none-eabi/7.3.1/../../../../arm-none-eabi/lib/thumb/v7-m\libc_nano.a(lib_a-malloc.o)
 .debug_frame   0x0000000000001be4       0x2c c:/st/stm32cubeide_1.5.1/stm32cubeide/plugins/com.st.stm32cube.ide.mcu.externaltools.gnu-tools-for-stm32.7-2018-q2-update.win32_1.5.0.202011040924/tools/bin/../lib/gcc/arm-none-eabi/7.3.1/../../../../arm-none-eabi/lib/thumb/v7-m\libc_nano.a(lib_a-nano-mallocr.o)
 .debug_frame   0x0000000000001c10       0x2c c:/st/stm32cubeide_1.5.1/stm32cubeide/plugins/com.st.stm32cube.ide.mcu.externaltools.gnu-tools-for-stm32.7-2018-q2-update.win32_1.5.0.202011040924/tools/bin/../lib/gcc/arm-none-eabi/7.3.1/../../../../arm-none-eabi/lib/thumb/v7-m\libc_nano.a(lib_a-sbrkr.o)
 .debug_frame   0x0000000000001c3c       0x30 c:/st/stm32cubeide_1.5.1/stm32cubeide/plugins/com.st.stm32cube.ide.mcu.externaltools.gnu-tools-for-stm32.7-2018-q2-update.win32_1.5.0.202011040924/tools/bin/../lib/gcc/arm-none-eabi/7.3.1/../../../../arm-none-eabi/lib/thumb/v7-m\libc_nano.a(lib_a-mlock.o)
 .debug_frame   0x0000000000001c6c       0x5c c:/st/stm32cubeide_1.5.1/stm32cubeide/plugins/com.st.stm32cube.ide.mcu.externaltools.gnu-tools-for-stm32.7-2018-q2-update.win32_1.5.0.202011040924/tools/bin/../lib/gcc/arm-none-eabi/7.3.1/../../../../arm-none-eabi/lib/thumb/v7-m\libc_nano.a(lib_a-reent.o)
