main.c:145:5:main	8	static
main.c:192:6:SystemClock_Config	72	static
main.c:228:13:MX_SPI1_Init	8	static
main.c:266:13:MX_GPIO_Init	32	static
main.c:306:6:Menu	24	static
main.c:328:6:Play	24	static
main.c:364:6:Playning	8	static
main.c:499:6:Velocidade	24	static
main.c:531:6:Apagar	8	static
main.c:535:6:Parte1	8	static
main.c:539:6:Parte2	8	static
main.c:543:6:Parte3	8	static
main.c:547:6:Parte4	8	static
main.c:551:6:Parte5	8	static
main.c:556:6:GerarNovoColetavel	8	static
main.c:572:6:VerificarColeta	8	static
main.c:582:6:VerificarColisao	8	static
main.c:617:6:AtualizarPlacar	24	static
main.c:631:6:AtualizarRecorde	4	static
main.c:644:6:Error_Handler	4	static,ignoring_inline_asm
